// Copyright (C) 2012 - Prateek Papriwal
// Copyright (C) 2012 - Michael Baudin
//
// This file must be used under the terms of the CeCILL.
// This source file is licensed as described in the file COPYING, which
// you should have received as part of this distribution.  The terms
// are also available at
// http://www.cecill.info/licences/Licence_CeCILL_V2-en.txt
// <-- JVM NOT MANDATORY -->
path = distfun_getpath (  );
exec(fullfile(path,"tests","unit_tests","testingutilities.sce"));
// Check expansion of arguments
k = matrix(1:6,2,3);
// Test a non-integer value
k(2,3)=1.5;
checkRNG ( 2 , 3 , list(distfun_chi2rnd ,k));
checkRNG : Check empty matrix...
checkRNG : Check f(a,m,n)...
checkRNG : Check expansion of a and b I...
checkRNG : Check expansion of a and b II...
checkRNG : Check expansion of a and b III...
checkRNG : ...OK
//
// Test the distribution of random numbers
//
rtol = 1.e-2;
atol = 1.e-2;
// The number of classes in the histogram
// NC must be even.
NC = 2*12;
N=10000;
// Set the seed to always get the same random numbers
distfun_seedset(0);
A = 7;
R = distfun_chi2rnd(A,400,800);
[M,V] = distfun_chi2stat(A);
checkMeanVariance ( 400 , 800 , R , M , V , rtol );
// Increase the tolerance for this test.
for A = floor(linspace(1,20,10))
    R = distfun_chi2rnd(A,1,N);
    checkRNGLaw ( R , list(distfun_chi2cdf,A) , N , NC , 2*rtol , atol );
end
checkRNGLaw: Checking distribution of random numbers...
checkRNGLaw: Parameters:
checkRNGLaw: A(1)=1
checkRNGLaw: ...OK
checkRNGLaw: Checking distribution of random numbers...
checkRNGLaw: Parameters:
checkRNGLaw: A(1)=3
checkRNGLaw: ...OK
checkRNGLaw: Checking distribution of random numbers...
checkRNGLaw: Parameters:
checkRNGLaw: A(1)=5
checkRNGLaw: ...OK
checkRNGLaw: Checking distribution of random numbers...
checkRNGLaw: Parameters:
checkRNGLaw: A(1)=7
checkRNGLaw: ...OK
checkRNGLaw: Checking distribution of random numbers...
checkRNGLaw: Parameters:
checkRNGLaw: A(1)=9
checkRNGLaw: ...OK
checkRNGLaw: Checking distribution of random numbers...
checkRNGLaw: Parameters:
checkRNGLaw: A(1)=11
checkRNGLaw: ...OK
checkRNGLaw: Checking distribution of random numbers...
checkRNGLaw: Parameters:
checkRNGLaw: A(1)=13
checkRNGLaw: ...OK
checkRNGLaw: Checking distribution of random numbers...
checkRNGLaw: Parameters:
checkRNGLaw: A(1)=15
checkRNGLaw: ...OK
checkRNGLaw: Checking distribution of random numbers...
checkRNGLaw: Parameters:
checkRNGLaw: A(1)=17
checkRNGLaw: ...OK
checkRNGLaw: Checking distribution of random numbers...
checkRNGLaw: Parameters:
checkRNGLaw: A(1)=20
checkRNGLaw: ...OK
