// Copyright (C) 2012 - Prateek Papriwal
// Copyright (C) 2012 - Michael Baudin
//
// This file must be used under the terms of the CeCILL.
// This source file is licensed as described in the file COPYING, which
// you should have received as part of this distribution.  The terms
// are also available at
// http://www.cecill.info/licences/Licence_CeCILL_V2-en.txt
// <-- JVM NOT MANDATORY -->
path = distfun_getpath (  );
exec(fullfile(path,"tests","unit_tests","testingutilities.sce"));
//
// Consistency Checks
//
k=5;
x=[
1.610308   
2.9999081  
4.3514602  
6.06443    
9.2363569  
];
CheckPDF("distfun_chi2pdf",list(distfun_chi2pdf,k),x);
CheckPDF: Checking empty matrix...
CheckPDF: y=distfun_chi2pdf([],[])
CheckPDF: ... OK
CheckPDF: Get reference quantiles...
CheckPDF: y(1)=distfun_chi2pdf(1.610308,5)
CheckPDF: y(2)=distfun_chi2pdf(2.9999081,5)
CheckPDF: y(3)=distfun_chi2pdf(4.3514602,5)
CheckPDF: y(4)=distfun_chi2pdf(6.06443,5)
CheckPDF: y(5)=distfun_chi2pdf(9.2363569,5)
CheckPDF: ... OK
CheckPDF: With arguments expanded...
CheckPDF: y=distfun_chi2pdf([1.610308;2.9999081;4.3514602;6.06443;9.2363569],5)
CheckPDF: y=distfun_chi2pdf([1.610308;2.9999081;4.3514602;6.06443;9.2363569],[5;5;5;5;5])
CheckPDF: ... OK
rtol=1.e-9;
CheckPDFvsCDF(list(distfun_chi2pdf,k),list(distfun_chi2cdf,k),x,rtol);
CheckPDFvsCDF: Get reference PDF...
CheckPDFvsCDF: Derivate the CDF...
CheckPDFvsCDF: Check...
CheckPDFvsCDF: ...OK
// Accuracy test using data in chi2pdf.R.dataset.csv file
precision = 1.e-13;
path=distfun_getpath();
dataset = fullfile(path,"tests","unit_tests","chi2","chi2.dataset.csv");
table = readCsvDataset(dataset);
ntests = size(table,"r");
for i = 1 : ntests
    x = table(i,1);
    k = table(i,2);
    y = table(i,3);
    computed = distfun_chi2pdf(x,k);
    assert_checkalmostequal ( computed , y , precision );
    // Compute number of significant digits
    if ( %f ) then
        d = assert_computedigits ( computed , y );
        mprintf("Test #%d/%d: Digits = %.1f\n",i,ntests,d);
    end
end
