// Copyright (C) 2012 - Michael Baudin
//
// This file must be used under the terms of the CeCILL.
// This source file is licensed as described in the file COPYING, which
// you should have received as part of this distribution.  The terms
// are also available at
// http://www.cecill.info/licences/Licence_CeCILL_V2-en.txt
// <-- JVM NOT MANDATORY -->
path = distfun_getpath (  );
exec(fullfile(path,"tests","unit_tests","testingutilities.sce"));
//
// Consistency Checks
//
v1=5;
v2=6;
rtol=1.e-12;
x=[
0.2937283
0.6067423
0.9765364
1.560462
3.1075117
];
CheckCDF("distfun_fcdf",list(distfun_fcdf,v1,v2),x,rtol);
CheckCDF: Checking empty matrix...
CheckCDF: p=distfun_fcdf([],[],[])
CheckCDF: ... OK
CheckCDF: Get reference quantiles...
CheckCDF: p(1)=distfun_fcdf(0.2937283,5,6)
CheckCDF: p(2)=distfun_fcdf(0.6067423,5,6)
CheckCDF: p(3)=distfun_fcdf(0.9765364,5,6)
CheckCDF: p(4)=distfun_fcdf(1.560462,5,6)
CheckCDF: p(5)=distfun_fcdf(3.1075117,5,6)
CheckCDF: ... OK
CheckCDF: Compute complementary probabilities...
CheckCDF: (check that p+q=1)
CheckCDF: q=distfun_fcdf([0.2937283;0.6067423;0.9765364;1.560462;3.1075117],5,6,%F)
CheckCDF: ... OK
CheckCDF: With arguments expanded...
CheckCDF: p=distfun_fcdf([0.2937283;0.6067423;0.9765364;1.560462;3.1075117],5,6)
CheckCDF: p=distfun_fcdf([0.2937283;0.6067423;0.9765364;1.560462;3.1075117],5,[6;6;6;6;6])
CheckCDF: p=distfun_fcdf([0.2937283;0.6067423;0.9765364;1.560462;3.1075117],[5;5;5;5;5],6)
CheckCDF: p=distfun_fcdf([0.2937283;0.6067423;0.9765364;1.560462;3.1075117],[5;5;5;5;5],[6;6;6;6;6])
CheckCDF: ... OK
//
// Test accuracy
//
path=distfun_getpath();
dataset = fullfile(path,"tests","unit_tests","f","f.dataset.csv");
table = readCsvDataset(dataset);
precision = 100*%eps;
nt = size(table,"r");
for k = 1 : nt
  x = table(k,1);
  v1 = table(k,2);
  v2 = table(k,3);
  p = table(k,5);
  q = table(k,6);
  computed = distfun_fcdf ( x , v1 , v2 );
  assert_checkalmostequal ( computed , p , precision );
  computed = distfun_fcdf ( x , v1 , v2 , %f );
  assert_checkalmostequal ( computed , q , precision );
end
